---
title: esp32（1）把板子跑起来
date: 2018-11-29 14:30:28
tags:
	- 蓝牙
typora-root-url: ..\
---



官网介绍在这里：

https://www.espressif.com/zh-hans/products/hardware/esp32/overview

跟avs有什么关系？

https://github.com/espressif/esp-avs-sdk

可以作为avs的endpoint实现。

开发板有ESP32-Lyrat。

https://www.espressif.com/zh-hans/products/hardware/esp32-lyrat

音频开发板，可以用来开发智能音箱。

官网价格是88元。

购买链接：https://detail.youzan.com/show/goods?alias=2oli3van9mgq8&reft=1522135407855&spm=f69280674&sf=wx_sm

淘宝上反而更加贵。

买了一个。



音频开发框架。

还可以支持dueros。



在官网上买了板子，今天才到。

板子看起来做工挺好的。



先从github上获取sdk。

```
git clone --recursive https://github.com/espressif/esp-adf.git 
```

这个要克隆好几个仓库。

挂代理下载会比较快。

然后下载工具链。

```\
wget https://dl.espressif.com/dl/xtensa-esp32-elf-linux32-1.22.0-80-g6c4433a-5.2.0.tar.gz
```

我把工具链放在/home/teddy/work/esp32/toolchain/xtensa-esp32-elf目录下。

把下面内容加入到~/.bashrc里。

```
export PATH="$PATH:/home/teddy/work/esp32/toolchain/xtensa-esp32-elf/bin"
export IDF_PATH=/home/teddy/work/esp32/esp-adf/esp-idf
export ADF_PATH=/home/teddy/work/esp32/esp-adf
```

```
cd ~/work/esp32/esp-adf/examples/get-started/play_mp3
make menuconfig
```

暂时先不改配置。如果上面没有配置ADF_PATH和IDF_PATH，make menuconfig就会报错。

然后编译，make就好了。

把当前用户加入到dialout用户组，这样就可以使用串口了。

```
sudo usermod -a -G dialout $USER
```

但是我试了还是不行，我就把ttyUSB0的权限改为0777。这样就可以访问了。

按住boot键，再按一下reset。再输入make flash，就会进行烧录。

```
teddy@teddy-ThinkPad-SL410:~/work/esp32/esp-adf/examples/get-started/play_mp3$ sudo chmod 777 /dev/ttyUSB0
teddy@teddy-ThinkPad-SL410:~/work/esp32/esp-adf/examples/get-started/play_mp3$ make flash
Flashing binaries to serial port /dev/ttyUSB0 (app at offset 0x10000 )...
esptool.py v2.6-beta1
Serial port /dev/ttyUSB0
Connecting......
Chip is ESP32D0WDQ6 (revision 1)
Features: WiFi, BT, Dual Core, 240MHz, VRef calibration in efuse, Coding Scheme None
MAC: 24:0a:c4:9c:b0:20
Uploading stub...
Running stub...
Stub running...
Configuring flash size...
Auto-detected Flash size: 4MB
Flash params set to 0x0220
Compressed 21152 bytes to 12484...
Wrote 21152 bytes (12484 compressed) at 0x00001000 in 1.1 seconds (effective 153.1 kbit/s)...
Hash of data verified.
Compressed 511760 bytes to 308938...
Wrote 511760 bytes (308938 compressed) at 0x00010000 in 27.3 seconds (effective 150.1 kbit/s)...
Hash of data verified.
Compressed 3072 bytes to 103...
Wrote 3072 bytes (103 compressed) at 0x00008000 in 0.0 seconds (effective 1620.8 kbit/s)...
Hash of data verified.

Leaving...
Hard resetting via RTS pin...
```

然后make monitor。就可以看程序的输出。

```
teddy@teddy-ThinkPad-SL410:~/work/esp32/esp-adf/examples/get-started/play_mp3$ make monitor
MONITOR
--- idf_monitor on /dev/ttyUSB0 115200 ---
--- Quit: Ctrl+] | Menu: Ctrl+T | Help: Ctrl+T followed by Ctrl+H ---
```

然后还需要按一下reset键程序才会运行。

当前这个会播放几秒的音乐。

输出的打印是：

```
entry 0x4008032c
0x4008032c: _KernelExceptionVector at ??:?

I (29) boot: ESP-IDF v3.1.1-6-g2aa9a21 2nd stage bootloader
I (29) boot: compile time 19:28:14
I (31) boot: Enabling RNG early entropy source...
I (34) boot: SPI Speed      : 40MHz
I (38) boot: SPI Mode       : DIO
I (42) boot: SPI Flash Size : 4MB
I (47) boot: Partition Table:
I (50) boot: ## Label            Usage          Type ST Offset   Length
I (57) boot:  0 nvs              WiFi data        01 02 00009000 00006000
I (65) boot:  1 phy_init         RF data          01 01 0000f000 00001000
I (72) boot:  2 factory          factory app      00 00 00010000 00100000
I (80) boot: End of partition table
I (84) esp_image: segment 0: paddr=0x00010020 vaddr=0x3f400020 size=0x4d688 (317064) map
I (204) esp_image: segment 1: paddr=0x0005d6b0 vaddr=0x3ffb0000 size=0x0236c (  9068) load
I (208) esp_image: segment 2: paddr=0x0005fa24 vaddr=0x3ffb236c size=0x00000 (     0) load
I (211) esp_image: segment 3: paddr=0x0005fa2c vaddr=0x40080000 size=0x00400 (  1024) load
0x40080000: _iram_start at /home/teddy/work/esp32/esp-adf/esp-idf/components/freertos/xtensa_vectors.S:1685

I (220) esp_image: segment 4: paddr=0x0005fe34 vaddr=0x40080400 size=0x001dc (   476) load
I (229) esp_image: segment 5: paddr=0x00060018 vaddr=0x400d0018 size=0x21e68 (138856) map
0x400d0018: _flash_cache_start at ??:?

I (286) esp_image: segment 6: paddr=0x00081e88 vaddr=0x400805dc size=0x0b04c ( 45132) load
I (305) esp_image: segment 7: paddr=0x0008cedc vaddr=0x400c0000 size=0x00000 (     0) load
I (305) esp_image: segment 8: paddr=0x0008cee4 vaddr=0x50000000 size=0x00000 (     0) load
I (319) boot: Loaded app from partition at offset 0x10000
I (319) boot: Disabling RNG early entropy source...
I (324) cpu_start: Pro cpu up.
I (327) cpu_start: Starting app cpu, entry point is 0x40080fc0
0x40080fc0: call_start_cpu1 at /home/teddy/work/esp32/esp-adf/esp-idf/components/esp32/cpu_start.c:231

I (0) cpu_start: App cpu up.
I (338) heap_init: Initializing. RAM available for dynamic allocation:
I (344) heap_init: At 3FFAE6E0 len 00001920 (6 KiB): DRAM
I (350) heap_init: At 3FFB3408 len 0002CBF8 (178 KiB): DRAM
I (357) heap_init: At 3FFE0440 len 00003BC0 (14 KiB): D/IRAM
I (363) heap_init: At 3FFE4350 len 0001BCB0 (111 KiB): D/IRAM
I (370) heap_init: At 4008B628 len 000149D8 (82 KiB): IRAM
I (376) cpu_start: Pro cpu start user code
I (58) cpu_start: Starting scheduler on PRO CPU.
I (0) cpu_start: Starting scheduler on APP CPU.
I (60) PLAY_MP3_FLASH: [ 1 ] Start audio codec chip
I (80) PLAY_MP3_FLASH: [ 2 ] Create audio pipeline, add all elements to pipeline, and subscribe pipeline event
I (80) PLAY_MP3_FLASH: [2.1] Create mp3 decoder to decode mp3 file and set custom read callback
I (90) PLAY_MP3_FLASH: [2.2] Create i2s stream to write data to codec chip
I (100) PLAY_MP3_FLASH: [2.3] Register all elements to audio pipeline
I (100) PLAY_MP3_FLASH: [2.4] Link it together [mp3_music_read_cb]-->mp3_decoder-->i2s_stream-->[codec_chip]
I (120) PLAY_MP3_FLASH: [ 3 ] Setup event listener
I (120) PLAY_MP3_FLASH: [3.1] Listening event from all elements of pipeline
I (130) PLAY_MP3_FLASH: [ 4 ] Start audio_pipeline
I (150) PLAY_MP3_FLASH: [ * ] Receive music info from mp3 decoder, sample_rates=44100, bits=16, ch=2
I (6930) PLAY_MP3_FLASH: [ 5 ] Stop audio_pipeline
W (6930) AUDIO_PIPELINE: There are no listener registered

```



退出make monitor，用ctrl+ ]。



# 参考资料

1、乐鑫esp32-lyrat开发板初体验

https://blog.csdn.net/MENGHUANBEIKE/article/details/80303392



