---
title: 树莓派开机打印
date: 2016-11-20 10:25:30
tags:
	-树莓派
---
```
pi@raspberrypi:/boot $ dmesg
[    0.000000] Booting Linux on physical CPU 0x0
[    0.000000] Initializing cgroup subsys cpuset
[    0.000000] Initializing cgroup subsys cpu
[    0.000000] Initializing cgroup subsys cpuacct
[    0.000000] Linux version 4.4.21-v7+ (dc4@dc4-XPS13-9333) (gcc version 4.9.3 (crosstool-NG crosstool-ng-1.22.0-88-g8460611) ) #911 SMP Thu Sep 15 14:22:38 BST 2016
[    0.000000] CPU: ARMv7 Processor [410fd034] revision 4 (ARMv7), cr=10c5383d
[    0.000000] CPU: PIPT / VIPT nonaliasing data cache, VIPT aliasing instruction cache
[    0.000000] Machine model: Raspberry Pi 3 Model B Rev 1.2
[    0.000000] cma: Reserved 8 MiB at 0x3a800000
[    0.000000] Memory policy: Data cache writealloc
[    0.000000] On node 0 totalpages: 241664
[    0.000000] free_area_init_node: node 0, pgdat 808c2f40, node_mem_map b9fa6000
[    0.000000]   Normal zone: 2124 pages used for memmap
[    0.000000]   Normal zone: 0 pages reserved
[    0.000000]   Normal zone: 241664 pages, LIFO batch:31
[    0.000000] [bcm2709_smp_init_cpus] enter (9520->f3003010)
[    0.000000] [bcm2709_smp_init_cpus] ncores=4
[    0.000000] PERCPU: Embedded 13 pages/cpu @b9f62000 s22592 r8192 d22464 u53248
[    0.000000] pcpu-alloc: s22592 r8192 d22464 u53248 alloc=13*4096
[    0.000000] pcpu-alloc: [0] 0 [0] 1 [0] 2 [0] 3 
[    0.000000] Built 1 zonelists in Zone order, mobility grouping on.  Total pages: 239540
[    0.000000] Kernel command line: 8250.nr_uarts=0 dma.dmachans=0x7f35 bcm2708_fb.fbwidth=656 bcm2708_fb.fbheight=416 bcm2709.boardrev=0xa22082 bcm2709.serial=0x5e004eca smsc95xx.macaddr=B8:27:EB:00:4E:CA bcm2708_fb.fbswap=1 bcm2709.uart_clock=48000000 vc_mem.mem_base=0x3dc00000 vc_mem.mem_size=0x3f000000  dwc_otg.lpm_enable=0 console=ttyS0,115200 console=tty1 root=/dev/mmcblk0p2 rootfstype=ext4 elevator=deadline fsck.repair=yes rootwait
[    0.000000] PID hash table entries: 4096 (order: 2, 16384 bytes)
[    0.000000] Dentry cache hash table entries: 131072 (order: 7, 524288 bytes)
[    0.000000] Inode-cache hash table entries: 65536 (order: 6, 262144 bytes)
[    0.000000] Memory: 939072K/966656K available (6348K kernel code, 432K rwdata, 1716K rodata, 476K init, 764K bss, 19392K reserved, 8192K cma-reserved)
[    0.000000] Virtual kernel memory layout:
    vector  : 0xffff0000 - 0xffff1000   (   4 kB)
    fixmap  : 0xffc00000 - 0xfff00000   (3072 kB)
    vmalloc : 0xbb800000 - 0xff800000   (1088 MB)
    lowmem  : 0x80000000 - 0xbb000000   ( 944 MB)
    modules : 0x7f000000 - 0x80000000   (  16 MB)
      .text : 0x80008000 - 0x807e854c   (8066 kB)
      .init : 0x807e9000 - 0x80860000   ( 476 kB)
      .data : 0x80860000 - 0x808cc250   ( 433 kB)
       .bss : 0x808cf000 - 0x8098e1ec   ( 765 kB)
[    0.000000] SLUB: HWalign=64, Order=0-3, MinObjects=0, CPUs=4, Nodes=1
[    0.000000] Hierarchical RCU implementation.
[    0.000000]  Build-time adjustment of leaf fanout to 32.
[    0.000000] NR_IRQS:16 nr_irqs:16 16
[    0.000000] Architected cp15 timer(s) running at 19.20MHz (phys).
[    0.000000] clocksource: arch_sys_counter: mask: 0xffffffffffffff max_cycles: 0x46d987e47, max_idle_ns: 440795202767 ns
[    0.000008] sched_clock: 56 bits at 19MHz, resolution 52ns, wraps every 4398046511078ns
[    0.000026] Switching to timer-based delay loop, resolution 52ns
[    0.000287] Console: colour dummy device 80x30
[    0.001341] console [tty1] enabled
[    0.001386] Calibrating delay loop (skipped), value calculated using timer frequency.. 38.40 BogoMIPS (lpj=192000)
[    0.001454] pid_max: default: 32768 minimum: 301
[    0.001793] Mount-cache hash table entries: 2048 (order: 1, 8192 bytes)
[    0.001836] Mountpoint-cache hash table entries: 2048 (order: 1, 8192 bytes)
[    0.002792] Disabling cpuset control group subsystem
[    0.002848] Initializing cgroup subsys io
[    0.002899] Initializing cgroup subsys memory
[    0.002967] Initializing cgroup subsys devices
[    0.003010] Initializing cgroup subsys freezer
[    0.003051] Initializing cgroup subsys net_cls
[    0.003123] CPU: Testing write buffer coherency: ok
[    0.003210] ftrace: allocating 21220 entries in 63 pages
[    0.052957] CPU0: update cpu_capacity 1024
[    0.053025] CPU0: thread -1, cpu 0, socket 0, mpidr 80000000
[    0.053058] [bcm2709_smp_prepare_cpus] enter
[    0.053212] Setting up static identity map for 0x8240 - 0x8274
[    0.054852] [bcm2709_boot_secondary] cpu:1 started (0) 18
[    0.055039] [bcm2709_secondary_init] enter cpu:1
[    0.055080] CPU1: update cpu_capacity 1024
[    0.055087] CPU1: thread -1, cpu 1, socket 0, mpidr 80000001
[    0.055462] [bcm2709_boot_secondary] cpu:2 started (0) 17
[    0.055625] [bcm2709_secondary_init] enter cpu:2
[    0.055646] CPU2: update cpu_capacity 1024
[    0.055652] CPU2: thread -1, cpu 2, socket 0, mpidr 80000002
[    0.056009] [bcm2709_boot_secondary] cpu:3 started (0) 18
[    0.056139] [bcm2709_secondary_init] enter cpu:3
[    0.056159] CPU3: update cpu_capacity 1024
[    0.056165] CPU3: thread -1, cpu 3, socket 0, mpidr 80000003
[    0.056225] Brought up 4 CPUs
[    0.056323] SMP: Total of 4 processors activated (153.60 BogoMIPS).
[    0.056352] CPU: All CPU(s) started in HYP mode.
[    0.056378] CPU: Virtualization extensions available.
[    0.057006] devtmpfs: initialized
[    0.067929] VFP support v0.3: implementor 41 architecture 3 part 40 variant 3 rev 4
[    0.068297] clocksource: jiffies: mask: 0xffffffff max_cycles: 0xffffffff, max_idle_ns: 19112604462750000 ns
[    0.069071] pinctrl core: initialized pinctrl subsystem
[    0.069604] NET: Registered protocol family 16
[    0.074773] DMA: preallocated 4096 KiB pool for atomic coherent allocations
[    0.081645] hw-breakpoint: found 5 (+1 reserved) breakpoint and 4 watchpoint registers.
[    0.081694] hw-breakpoint: maximum watchpoint size is 8 bytes.
[    0.081869] Serial: AMBA PL011 UART driver
[    0.082021] uart-pl011 3f201000.uart: could not find pctldev for node /soc/gpio@7e200000/uart0_pins, deferring probe
[    0.082221] bcm2835-mbox 3f00b880.mailbox: mailbox enabled
[    0.145097] bcm2835-dma 3f007000.dma: DMA legacy API manager at f3007000, dmachans=0x1
[    0.145692] SCSI subsystem initialized
[    0.145899] usbcore: registered new interface driver usbfs
[    0.146011] usbcore: registered new interface driver hub
[    0.146130] usbcore: registered new device driver usb
[    0.152511] raspberrypi-firmware soc:firmware: Attached to firmware from 2016-09-21 13:13
[    0.179648] clocksource: Switched to clocksource arch_sys_counter
[    0.224280] FS-Cache: Loaded
[    0.224574] CacheFiles: Loaded
[    0.236821] NET: Registered protocol family 2
[    0.237695] TCP established hash table entries: 8192 (order: 3, 32768 bytes)
[    0.237833] TCP bind hash table entries: 8192 (order: 4, 65536 bytes)
[    0.238043] TCP: Hash tables configured (established 8192 bind 8192)
[    0.238157] UDP hash table entries: 512 (order: 2, 16384 bytes)
[    0.238224] UDP-Lite hash table entries: 512 (order: 2, 16384 bytes)
[    0.238472] NET: Registered protocol family 1
[    0.238811] RPC: Registered named UNIX socket transport module.
[    0.238843] RPC: Registered udp transport module.
[    0.238871] RPC: Registered tcp transport module.
[    0.238898] RPC: Registered tcp NFSv4.1 backchannel transport module.
[    0.239981] hw perfevents: enabled with armv7_cortex_a7 PMU driver, 7 counters available
[    0.241317] futex hash table entries: 1024 (order: 4, 65536 bytes)
[    0.254548] VFS: Disk quotas dquot_6.6.0
[    0.254880] VFS: Dquot-cache hash table entries: 1024 (order 0, 4096 bytes)
[    0.257132] FS-Cache: Netfs 'nfs' registered for caching
[    0.258048] NFS: Registering the id_resolver key type
[    0.258111] Key type id_resolver registered
[    0.258139] Key type id_legacy registered
[    0.260489] Block layer SCSI generic (bsg) driver version 0.4 loaded (major 252)
[    0.260684] io scheduler noop registered
[    0.260725] io scheduler deadline registered (default)
[    0.260811] io scheduler cfq registered
[    0.263379] BCM2708FB: allocated DMA memory fac00000
[    0.263425] BCM2708FB: allocated DMA channel 0 @ f3007000
[    0.272148] Console: switching to colour frame buffer device 82x26
[    1.220856] bcm2835-rng 3f104000.rng: hwrng registered
[    1.223331] vc-cma: Videocore CMA driver
[    1.225714] vc-cma: vc_cma_base      = 0x00000000
[    1.228095] vc-cma: vc_cma_size      = 0x00000000 (0 MiB)
[    1.230403] vc-cma: vc_cma_initial   = 0x00000000 (0 MiB)
[    1.232804] vc-mem: phys_addr:0x00000000 mem_base=0x3dc00000 mem_size:0x3f000000(1008 MiB)
[    1.251769] brd: module loaded
[    1.262417] loop: module loaded
[    1.265358] vchiq: vchiq_init_state: slot_zero = 0xbac80000, is_master = 0
[    1.268921] Loading iSCSI transport class v2.0-870.
[    1.271733] usbcore: registered new interface driver smsc95xx
[    1.274004] dwc_otg: version 3.00a 10-AUG-2012 (platform bus)
[    1.476443] Core Release: 2.80a
[    1.478538] Setting default values for core params
[    1.480705] Finished setting default values for core params
[    1.683245] Using Buffer DMA mode
[    1.685417] Periodic Transfer Interrupt Enhancement - disabled
[    1.687665] Multiprocessor Interrupt Enhancement - disabled
[    1.689987] OTG VER PARAM: 0, OTG VER FLAG: 0
[    1.692250] Dedicated Tx FIFOs mode
[    1.694736] WARN::dwc_otg_hcd_init:1047: FIQ DMA bounce buffers: virt = 0xbac14000 dma = 0xfac14000 len=9024
[    1.699387] FIQ FSM acceleration enabled for :
Non-periodic Split Transactions
Periodic Split Transactions
High-Speed Isochronous Endpoints
Interrupt/Control Split Transaction hack enabled
[    1.711236] dwc_otg: Microframe scheduler enabled
[    1.711288] WARN::hcd_init_fiq:413: FIQ on core 1 at 0x80447364
[    1.713729] WARN::hcd_init_fiq:414: FIQ ASM at 0x804476d4 length 36
[    1.716103] WARN::hcd_init_fiq:439: MPHI regs_base at 0xbb9a8000
[    1.718465] dwc_otg 3f980000.usb: DWC OTG Controller
[    1.720801] dwc_otg 3f980000.usb: new USB bus registered, assigned bus number 1
[    1.723168] dwc_otg 3f980000.usb: irq 62, io mem 0x00000000
[    1.725493] Init: Port Power? op_state=1
[    1.727750] Init: Power Port (0)
[    1.730139] usb usb1: New USB device found, idVendor=1d6b, idProduct=0002
[    1.732455] usb usb1: New USB device strings: Mfr=3, Product=2, SerialNumber=1
[    1.734760] usb usb1: Product: DWC OTG Controller
[    1.737011] usb usb1: Manufacturer: Linux 4.4.21-v7+ dwc_otg_hcd
[    1.739285] usb usb1: SerialNumber: 3f980000.usb
[    1.742346] hub 1-0:1.0: USB hub found
[    1.744552] hub 1-0:1.0: 1 port detected
[    1.747184] dwc_otg: FIQ enabled
[    1.747193] dwc_otg: NAK holdoff enabled
[    1.747201] dwc_otg: FIQ split-transaction FSM enabled
[    1.747239] Module dwc_common_port init
[    1.747501] usbcore: registered new interface driver usb-storage
[    1.749918] mousedev: PS/2 mouse device common for all mice
[    1.752788] bcm2835-cpufreq: min=600000 max=1200000
[    1.755257] sdhci: Secure Digital Host Controller Interface driver
[    1.757523] sdhci: Copyright(c) Pierre Ossman
[    1.760081] sdhost: log_buf @ bac13000 (fac13000)
[    1.819679] mmc0: sdhost-bcm2835 loaded - DMA enabled (>1)
[    1.824197] mmc-bcm2835 3f300000.mmc: mmc_debug:0 mmc_debug2:0
[    1.826499] mmc-bcm2835 3f300000.mmc: DMA channel allocated
[    1.877120] mmc0: host does not support reading read-only switch, assuming write-enable
[    1.879766] sdhci-pltfm: SDHCI platform and OF driver helper
[    1.880149] ledtrig-cpu: registered to indicate activity on CPUs
[    1.880259] hidraw: raw HID events driver (C) Jiri Kosina
[    1.880438] usbcore: registered new interface driver usbhid
[    1.880440] usbhid: USB HID core driver
[    1.880953] Initializing XFRM netlink socket
[    1.880984] NET: Registered protocol family 17
[    1.881114] Key type dns_resolver registered
[    1.881603] Registering SWP/SWPB emulation handler
[    1.882413] registered taskstats version 1
[    1.882592] vc-sm: Videocore shared memory driver
[    1.882600] [vc_sm_connected_init]: start
[    1.891558] [vc_sm_connected_init]: end - returning 0
[    1.892919] 3f201000.uart: ttyAMA0 at MMIO 0x3f201000 (irq = 87, base_baud = 0) is a PL011 rev2
[    1.893287] of_cfs_init
[    1.893361] of_cfs_init: OK
[    1.920899] Waiting for root device /dev/mmcblk0p2...
[    1.922598] mmc0: Problem switching card into high-speed mode!
[    1.922789] mmc0: new SDHC card at address 0001
[    1.923374] mmcblk0: mmc0:0001 SD16G 14.6 GiB
[    1.926765]  mmcblk0: p1 p2
[    1.934112] EXT4-fs (mmcblk0p2): INFO: recovery required on readonly filesystem
[    1.936238] EXT4-fs (mmcblk0p2): write access will be enabled during recovery
[    1.939774] Indeed it is in host mode hprt0 = 00021501
[    1.944657] mmc1: queuing unknown CIS tuple 0x80 (2 bytes)
[    1.948349] mmc1: queuing unknown CIS tuple 0x80 (3 bytes)
[    1.952045] mmc1: queuing unknown CIS tuple 0x80 (3 bytes)
[    1.956892] mmc1: queuing unknown CIS tuple 0x80 (7 bytes)
[    2.049732] mmc1: new high speed SDIO card at address 0001
[    2.119717] usb 1-1: new high-speed USB device number 2 using dwc_otg
[    2.121944] Indeed it is in host mode hprt0 = 00001101
[    2.319974] usb 1-1: New USB device found, idVendor=0424, idProduct=9514
[    2.322169] usb 1-1: New USB device strings: Mfr=0, Product=0, SerialNumber=0
[    2.325067] hub 1-1:1.0: USB hub found
[    2.327168] hub 1-1:1.0: 5 ports detected
[    2.392506] EXT4-fs (mmcblk0p2): recovery complete
[    2.406761] EXT4-fs (mmcblk0p2): mounted filesystem with ordered data mode. Opts: (null)
[    2.411031] VFS: Mounted root (ext4 filesystem) readonly on device 179:2.
[    2.414462] devtmpfs: mounted
[    2.417415] Freeing unused kernel memory: 476K (807e9000 - 80860000)
[    2.609691] usb 1-1.1: new high-speed USB device number 3 using dwc_otg
[    2.709946] usb 1-1.1: New USB device found, idVendor=0424, idProduct=ec00
[    2.712344] usb 1-1.1: New USB device strings: Mfr=0, Product=0, SerialNumber=0
[    2.717465] smsc95xx v1.0.4
[    2.782998] smsc95xx 1-1.1:1.0 eth0: register 'smsc95xx' at usb-3f980000.usb-1.1, smsc95xx USB 2.0 Ethernet, b8:27:eb:00:4e:ca
[    2.875189] random: systemd: uninitialized urandom read (16 bytes read, 74 bits of entropy available)
[    2.884838] systemd[1]: systemd 215 running in system mode. (+PAM +AUDIT +SELINUX +IMA +SYSVINIT +LIBCRYPTSETUP +GCRYPT +ACL +XZ -SECCOMP -APPARMOR)
[    2.891006] systemd[1]: Detected architecture 'arm'.
[    3.092448] NET: Registered protocol family 10
[    3.096795] systemd[1]: Inserted module 'ipv6'
[    3.114483] systemd[1]: Set hostname to <raspberrypi>.
[    3.298487] random: systemd-sysv-ge: uninitialized urandom read (16 bytes read, 76 bits of entropy available)
[    3.459324] random: systemd: uninitialized urandom read (16 bytes read, 78 bits of entropy available)
[    3.466383] random: systemd: uninitialized urandom read (16 bytes read, 78 bits of entropy available)
[    3.473805] random: systemd: uninitialized urandom read (16 bytes read, 78 bits of entropy available)
[    3.502659] random: systemd: uninitialized urandom read (16 bytes read, 78 bits of entropy available)
[    3.509518] random: systemd: uninitialized urandom read (16 bytes read, 78 bits of entropy available)
[    3.515771] random: systemd: uninitialized urandom read (16 bytes read, 78 bits of entropy available)
[    3.575282] random: systemd: uninitialized urandom read (16 bytes read, 78 bits of entropy available)
[    3.591893] random: systemd: uninitialized urandom read (16 bytes read, 78 bits of entropy available)
[    3.761624] systemd[1]: Starting Forward Password Requests to Wall Directory Watch.
[    3.768877] systemd[1]: Started Forward Password Requests to Wall Directory Watch.
[    3.775983] systemd[1]: Starting Remote File Systems (Pre).
[    3.783463] systemd[1]: Reached target Remote File Systems (Pre).
[    3.787069] systemd[1]: Starting Arbitrary Executable File Formats File System Automount Point.
[    3.797991] systemd[1]: Set up automount Arbitrary Executable File Formats File System Automount Point.
[    3.804858] systemd[1]: Starting Encrypted Volumes.
[    3.811797] systemd[1]: Reached target Encrypted Volumes.
[    3.815102] systemd[1]: Starting Swap.
[    3.821586] systemd[1]: Reached target Swap.
[    3.824639] systemd[1]: Expecting device dev-mmcblk0p1.device...
[    3.830809] systemd[1]: Starting Root Slice.
[    3.836750] systemd[1]: Created slice Root Slice.
[    3.839509] systemd[1]: Starting User and Session Slice.
[    3.845250] systemd[1]: Created slice User and Session Slice.
[    3.847951] systemd[1]: Starting /dev/initctl Compatibility Named Pipe.
[    3.853698] systemd[1]: Listening on /dev/initctl Compatibility Named Pipe.
[    3.856425] systemd[1]: Starting Delayed Shutdown Socket.
[    3.861954] systemd[1]: Listening on Delayed Shutdown Socket.
[    3.864516] systemd[1]: Starting Journal Socket (/dev/log).
[    3.869921] systemd[1]: Listening on Journal Socket (/dev/log).
[    3.872517] systemd[1]: Starting udev Control Socket.
[    3.877962] systemd[1]: Listening on udev Control Socket.
[    3.880633] systemd[1]: Starting udev Kernel Socket.
[    3.886052] systemd[1]: Listening on udev Kernel Socket.
[    3.888705] systemd[1]: Starting Journal Socket.
[    3.894210] systemd[1]: Listening on Journal Socket.
[    3.896917] systemd[1]: Starting System Slice.
[    3.902401] systemd[1]: Created slice System Slice.
[    3.905006] systemd[1]: Starting File System Check on Root Device...
[    3.940199] systemd[1]: Starting system-systemd\x2dfsck.slice.
[    3.945938] systemd[1]: Created slice system-systemd\x2dfsck.slice.
[    3.948541] systemd[1]: Starting system-autologin.slice.
[    3.954433] systemd[1]: Created slice system-autologin.slice.
[    3.957111] systemd[1]: Starting Increase datagram queue length...
[    3.965004] systemd[1]: Starting Restore / save the current clock...
[    3.976602] systemd[1]: Mounting POSIX Message Queue File System...
[    4.016063] systemd[1]: Started Set Up Additional Binary Formats.
[    4.019436] systemd[1]: Mounting Debug File System...
[    4.090214] systemd[1]: Mounted Huge Pages File System.
[    4.093552] systemd[1]: Starting Create list of required static device nodes for the current kernel...
[    4.147172] systemd[1]: Starting Load Kernel Modules...
[    4.156121] systemd[1]: Starting udev Coldplug all Devices...
[    4.165185] systemd[1]: Starting Slices.
[    4.171379] systemd[1]: Reached target Slices.
[    4.179407] systemd[1]: Mounted Debug File System.
[    4.185208] systemd[1]: Mounted POSIX Message Queue File System.
[    4.192501] systemd[1]: Started Increase datagram queue length.
[    4.229938] systemd[1]: Started Restore / save the current clock.
[    4.238141] systemd[1]: Started Create list of required static device nodes for the current kernel.
[    4.247894] systemd[1]: Started Load Kernel Modules.
[    4.261209] systemd[1]: Time has been changed
[    4.367551] systemd[1]: Started File System Check on Root Device.
[    4.375292] systemd[1]: Started udev Coldplug all Devices.
[    4.459852] systemd[1]: Starting Apply Kernel Variables...
[    4.520328] systemd[1]: Mounted FUSE Control File System.
[    4.523538] systemd[1]: Mounting Configuration File System...
[    4.532339] systemd[1]: Starting Create Static Device Nodes in /dev...
[    4.542493] systemd[1]: Starting Syslog Socket.
[    4.549205] systemd[1]: Listening on Syslog Socket.
[    4.552131] systemd[1]: Starting Journal Service...
[    4.564189] systemd[1]: Started Journal Service.
[    4.800893] systemd-udevd[136]: starting version 215
[    5.113199] bcm2835-wdt 3f100000.watchdog: Broadcom BCM2835 watchdog timer
[    5.114302] gpiomem-bcm2835 3f200000.gpiomem: Initialised: Registers at 0x3f200000
[    5.714495] usbcore: registered new interface driver brcmfmac
[    5.715816] EXT4-fs (mmcblk0p2): re-mounted. Opts: (null)
[    5.945094] brcmfmac: brcmf_c_preinit_dcmds: Firmware version = wl0: May 27 2016 00:13:38 version 7.45.41.26 (r640327) FWID 01-df77e4a7
[    5.974932] random: nonblocking pool is initialized
[    5.975735] brcmfmac: brcmf_cfg80211_reg_notifier: not a ISO3166 code
[    6.202950] brcmfmac: brcmf_cfg80211_reg_notifier: not a ISO3166 code
[    6.202976] cfg80211: World regulatory domain updated:
[    6.202985] cfg80211:  DFS Master region: unset
[    6.202994] cfg80211:   (start_freq - end_freq @ bandwidth), (max_antenna_gain, max_eirp), (dfs_cac_time)
[    6.203008] cfg80211:   (2402000 KHz - 2472000 KHz @ 40000 KHz), (N/A, 2000 mBm), (N/A)
[    6.203021] cfg80211:   (2457000 KHz - 2482000 KHz @ 40000 KHz), (N/A, 2000 mBm), (N/A)
[    6.203033] cfg80211:   (2474000 KHz - 2494000 KHz @ 20000 KHz), (N/A, 2000 mBm), (N/A)
[    6.203047] cfg80211:   (5170000 KHz - 5250000 KHz @ 80000 KHz, 160000 KHz AUTO), (N/A, 2000 mBm), (N/A)
[    6.203061] cfg80211:   (5250000 KHz - 5330000 KHz @ 80000 KHz, 160000 KHz AUTO), (N/A, 2000 mBm), (0 s)
[    6.203074] cfg80211:   (5490000 KHz - 5730000 KHz @ 160000 KHz), (N/A, 2000 mBm), (0 s)
[    6.203086] cfg80211:   (5735000 KHz - 5835000 KHz @ 80000 KHz), (N/A, 2000 mBm), (N/A)
[    6.203098] cfg80211:   (57240000 KHz - 63720000 KHz @ 2160000 KHz), (N/A, 0 mBm), (N/A)
[    6.411503] systemd-journald[132]: Received request to flush runtime journal from PID 1
[    6.819535] brcmfmac: brcmf_add_if: ERROR: netdev:wlan0 already exists
[    6.819561] brcmfmac: brcmf_add_if: ignore IF event
[    6.825200] IPv6: ADDRCONF(NETDEV_UP): wlan0: link is not ready
[    6.825328] brcmfmac: power management disabled
[    6.971346] uart-pl011 3f201000.uart: no DMA platform data
[    7.460889] Adding 102396k swap on /var/swap.  Priority:-1 extents:4 across:184316k SSFS
[    7.661793] cfg80211: Regulatory domain changed to country: GB
[    7.661810] cfg80211:  DFS Master region: ETSI
[    7.661817] cfg80211:   (start_freq - end_freq @ bandwidth), (max_antenna_gain, max_eirp), (dfs_cac_time)
[    7.661826] cfg80211:   (2402000 KHz - 2482000 KHz @ 40000 KHz), (N/A, 2000 mBm), (N/A)
[    7.661834] cfg80211:   (5170000 KHz - 5250000 KHz @ 80000 KHz, 160000 KHz AUTO), (N/A, 2000 mBm), (N/A)
[    7.661842] cfg80211:   (5250000 KHz - 5330000 KHz @ 80000 KHz, 160000 KHz AUTO), (N/A, 2000 mBm), (0 s)
[    7.661848] cfg80211:   (5490000 KHz - 5710000 KHz @ 160000 KHz), (N/A, 2700 mBm), (0 s)
[    7.661854] cfg80211:   (57000000 KHz - 66000000 KHz @ 2160000 KHz), (N/A, 4000 mBm), (N/A)
[    7.870848] smsc95xx 1-1.1:1.0 eth0: hardware isn't capable of remote wakeup
[    7.870990] IPv6: ADDRCONF(NETDEV_UP): eth0: link is not ready
[    8.354785] IPv6: ADDRCONF(NETDEV_CHANGE): wlan0: link becomes ready
[   11.454462] Bluetooth: Core ver 2.21
[   11.454517] NET: Registered protocol family 31
[   11.454522] Bluetooth: HCI device and connection manager initialized
[   11.454534] Bluetooth: HCI socket layer initialized
[   11.454543] Bluetooth: L2CAP socket layer initialized
[   11.454560] Bluetooth: SCO socket layer initialized
[   11.463013] Bluetooth: HCI UART driver ver 2.3
[   11.463025] Bluetooth: HCI UART protocol H4 registered
[   11.463030] Bluetooth: HCI UART protocol Three-wire (H5) registered
[   11.463124] Bluetooth: HCI UART protocol BCM registered
[   11.704640] Bluetooth: BNEP (Ethernet Emulation) ver 1.3
[   11.704651] Bluetooth: BNEP filters: protocol multicast
[   11.704664] Bluetooth: BNEP socket layer initialized
pi@raspberrypi:/boot $ 
```
